DB CONFIG TEST: { host: 'localhost', port: 5432, user: 'postgres', database: 'ops_db' }
API + WS en http://192.168.202.103:3001
[AUTO-ACTIVACION] Revisor iniciado cada 15000ms.
🟢 Cliente conectado: afcHLOc4IREqSmuQAAAB
Socket afcHLOc4IREqSmuQAAAB unido a operación 1 [sin rol]
➡️ GET /ops/1/tracking/personal
➡️ GET /ops/1/tracking/vehiculos
➡️ GET /ops/1/tracking/equipos
➡️ GET /ops/1/tracking/dispositivos
➡️ GET /health
➡️ GET /ops/1/mapa
➡️ GET /ops/1/tracking/personal
➡️ GET /ops/1/tracking/vehiculos
➡️ GET /ops/1/tracking/equipos
➡️ GET /ops/1/tracking/dispositivos
➡️ GET /ops/1/tracking/personal
➡️ GET /ops/1/tracking/vehiculos
➡️ GET /ops/1/tracking/equipos
➡️ GET /ops/1/tracking/dispositivos
➡️ GET /health
➡️ GET /ops/1/mapa
➡️ GET /ops/1/tracking/personal
➡️ GET /ops/1/tracking/vehiculos
➡️ GET /ops/1/tracking/equipos
➡️ GET /ops/1/tracking/dispositivos
➡️ GET /ops/1/tracking/personal
➡️ GET /ops/1/tracking/vehiculos
➡️ GET /ops/1/tracking/equipos
➡️ GET /ops/1/tracking/dispositivos
➡️ GET /health
➡️ GET /ops/1/tracking/personal
➡️ GET /ops/1/tracking/vehiculos
➡️ GET /ops/1/tracking/equipos
➡️ GET /ops/1/tracking/dispositivos
➡️ GET /ops/1/tracking/personal
➡️ GET /ops/1/tracking/vehiculos
➡️ GET /ops/1/tracking/equipos
➡️ GET /ops/1/tracking/dispositivos
➡️ GET /health
➡️ GET /ops/1/tracking/personal
➡️ GET /ops/1/tracking/vehiculos
➡️ GET /ops/1/tracking/equipos
➡️ GET /ops/1/tracking/dispositivos
➡️ GET /ops/1/tracking/personal
➡️ GET /ops/1/tracking/vehiculos
➡️ GET /ops/1/tracking/equipos
➡️ GET /ops/1/tracking/dispositivos
➡️ GET /health
➡️ GET /ops/1/mapa
➡️ GET /ops/1/tracking/personal
➡️ GET /ops/1/tracking/vehiculos
➡️ GET /ops/1/tracking/equipos
➡️ GET /ops/1/tracking/dispositivos
➡️ GET /ops/1/tracking/personal
➡️ GET /ops/1/tracking/vehiculos
➡️ GET /ops/1/tracking/equipos
➡️ GET /ops/1/tracking/dispositivos
➡️ GET /health
➡️ GET /ops/1/tracking/personal
➡️ GET /ops/1/tracking/vehiculos
➡️ GET /ops/1/tracking/equipos
➡️ GET /ops/1/tracking/dispositivos
➡️ GET /ops/1/tracking/personal
➡️ GET /ops/1/tracking/vehiculos
➡️ GET /ops/1/tracking/equipos
➡️ GET /ops/1/tracking/dispositivos
➡️ GET /health
➡️ GET /ops/1/tracking/personal
➡️ GET /ops/1/tracking/vehiculos
➡️ GET /ops/1/tracking/equipos
➡️ GET /ops/1/tracking/dispositivos
➡️ GET /ops/1/tracking/personal
➡️ GET /ops/1/tracking/vehiculos
➡️ GET /ops/1/tracking/equipos
➡️ GET /ops/1/tracking/dispositivos
➡️ GET /health
➡️ GET /ops/1/mapa
➡️ GET /ops/1/tracking/personal
➡️ GET /ops/1/tracking/vehiculos
➡️ GET /ops/1/tracking/equipos
➡️ GET /ops/1/tracking/dispositivos
➡️ GET /ops/1/tracking/personal
➡️ GET /ops/1/tracking/vehiculos
➡️ GET /ops/1/tracking/equipos
➡️ GET /ops/1/tracking/dispositivos
➡️ GET /health
➡️ GET /ops/1/tracking/personal
➡️ GET /ops/1/tracking/vehiculos
➡️ GET /ops/1/tracking/equipos
➡️ GET /ops/1/tracking/dispositivos
➡️ GET /external/drone/telemetry
➡️ GET /ops/1/tracking/personal
➡️ GET /ops/1/tracking/vehiculos
➡️ GET /ops/1/tracking/equipos
➡️ GET /ops/1/tracking/dispositivos
➡️ GET /health
➡️ GET /ops/1/tracking/personal
➡️ GET /ops/1/tracking/vehiculos
➡️ GET /ops/1/tracking/equipos
➡️ GET /ops/1/tracking/dispositivos
➡️ GET /ops/1/tracking/personal
➡️ GET /ops/1/tracking/vehiculos
➡️ GET /ops/1/tracking/equipos
➡️ GET /ops/1/tracking/dispositivos
➡️ GET /health
➡️ GET /ops/1/mapa
➡️ GET /ops/1/tracking/personal
➡️ GET /ops/1/tracking/vehiculos
➡️ GET /ops/1/tracking/equipos
➡️ GET /ops/1/tracking/dispositivos
➡️ GET /ops/1/tracking/personal
➡️ GET /ops/1/tracking/vehiculos
➡️ GET /ops/1/tracking/equipos
➡️ GET /ops/1/tracking/dispositivos
➡️ GET /health
➡️ GET /ops/1/tracking/personal
➡️ GET /ops/1/tracking/vehiculos
➡️ GET /ops/1/tracking/equipos
➡️ GET /ops/1/tracking/dispositivos
🔴 Cliente desconectado: afcHLOc4IREqSmuQAAAB
➡️ GET /config/cesium-token
➡️ GET /ops/1/mapa
➡️ GET /ops/1/streams?status=ACTIVE
➡️ GET /ops/1/pois
➡️ GET /ops/1/areas
➡️ GET /ops/1/streams/recordings
➡️ GET /ops/1/edificios
➡️ GET /ops/1/rutas
➡️ GET /ops/1/streams/recordings
➡️ GET /ops/1/zona
➡️ GET /ops/1/dibujos
➡️ GET /ops/1/mapa
➡️ GET /ops/1/tracking/personal
➡️ GET /ops/1/tracking/vehiculos
➡️ GET /ops/1/tracking/equipos
➡️ GET /ops/1/tracking/dispositivos
➡️ GET /ops/1/mapa
➡️ GET /ops/1/streams?status=ACTIVE
➡️ GET /health
➡️ GET /ops/1/chat/messages
➡️ GET /ops/1/rutas/navegacion
🟢 Cliente conectado: 10RYD9C9aMk2u1-GAAAD
Socket 10RYD9C9aMk2u1-GAAAD unido a operación 1 [sin rol]
➡️ GET /ops/1/streams/recordings
🔴 Cliente desconectado: 10RYD9C9aMk2u1-GAAAD
➡️ GET /me
➡️ GET /external/drone/telemetry
➡️ POST /auth/login
➡️ POST /auth/login
➡️ POST /auth/login
➡️ POST /auth/login
➡️ POST /auth/login
➡️ POST /auth/login
➡️ POST /auth/login
➡️ POST /auth/login
➡️ POST /auth/login
